// Jest Snapshot v1, https://goo.gl/fbAQLP

exports[`Pruebas con HooksApp Debe de levantar HooksApp  1`] = `
<h1>
  Hola mundo
</h1>
`;
