// Jest Snapshot v1, https://goo.gl/fbAQLP

exports[`Pruebas en <PrimeraApp /> Debe de mostrar <PrimeraApp /> correctamente  1`] = `
<Fragment>
  <h1>
    hola
    .
  </h1>
  <h1>
    Hola mundo
     
    123
  </h1>
  <p>
    1
    2
    3
  </p>
  <p>
    {"nombre":"Maikol","edad":31}
  </p>
  <h2>
    Soy un un subtitulo
  </h2>
  <CounterApp
    numero={31}
  />
</Fragment>
`;
